Microsoft Windows [Versione 10.0.19044.1889]
(c) Microsoft Corporation. Tutti i diritti sono riservati.

C:\Users\david>cd C:\Users\david\OneDrive\Desktop\Beta80\esperimento collab

C:\Users\david\OneDrive\Desktop\Beta80\esperimento collab>git init
Initialized empty Git repository in C:/Users/david/OneDrive/Desktop/Beta80/esperimento collab/.git/

C:\Users\david\OneDrive\Desktop\Beta80\esperimento collab>git remote add origin https://github.com/Arufonsu25/experiment.git

C:\Users\david\OneDrive\Desktop\Beta80\esperimento collab>git pull origin master
remote: Enumerating objects: 18, done.
remote: Counting objects: 100% (18/18), done.
remote: Compressing objects: 100% (11/11), done.
remote: Total 18 (delta 2), reused 15 (delta 1), pack-reused 0
Unpacking objects: 100% (18/18), 1.98 KiB | 33.00 KiB/s, done.
From https://github.com/Arufonsu25/experiment
 * branch            master     -> FETCH_HEAD
 * [new branch]      master     -> origin/master

C:\Users\david\OneDrive\Desktop\Beta80\esperimento collab>git branch ramo1

C:\Users\david\OneDrive\Desktop\Beta80\esperimento collab>git branch -a
* master
  ramo1
  remotes/origin/master

C:\Users\david\OneDrive\Desktop\Beta80\esperimento collab>git checkout ramo1
Switched to branch 'ramo1'

C:\Users\david\OneDrive\Desktop\Beta80\esperimento collab>git add .

C:\Users\david\OneDrive\Desktop\Beta80\esperimento collab>git commit -m "Gian top"
[ramo1 95c0c1d] Gian top
 1 file changed, 2 insertions(+)

C:\Users\david\OneDrive\Desktop\Beta80\esperimento collab>git push origin ramo1
info: please complete authentication in your browser...
Enumerating objects: 5, done.
Counting objects: 100% (5/5), done.
Delta compression using up to 8 threads
Compressing objects: 100% (3/3), done.
Writing objects: 100% (3/3), 320 bytes | 320.00 KiB/s, done.
Total 3 (delta 1), reused 0 (delta 0), pack-reused 0
remote: Resolving deltas: 100% (1/1), completed with 1 local object.
remote:
remote: Create a pull request for 'ramo1' on GitHub by visiting:
remote:      https://github.com/Arufonsu25/experiment/pull/new/ramo1
remote:
To https://github.com/Arufonsu25/experiment.git
 * [new branch]      ramo1 -> ramo1

C:\Users\david\OneDrive\Desktop\Beta80\esperimento collab>git pull origin master
remote: Enumerating objects: 1, done.
remote: Counting objects: 100% (1/1), done.
remote: Total 1 (delta 0), reused 0 (delta 0), pack-reused 0
Unpacking objects: 100% (1/1), 621 bytes | 88.00 KiB/s, done.
From https://github.com/Arufonsu25/experiment
 * branch            master     -> FETCH_HEAD
   d386bc6..e08d88a  master     -> origin/master
Updating 95c0c1d..e08d88a
Fast-forward

C:\Users\david\OneDrive\Desktop\Beta80\esperimento collab>git checkout -b file_di_testo_passaggi
Switched to a new branch 'file_di_testo_passaggi'

C:\Users\david\OneDrive\Desktop\Beta80\esperimento collab>git add .

C:\Users\david\OneDrive\Desktop\Beta80\esperimento collab>git commit -m "aggiunta file passaggi"
[file_di_testo_passaggi 1b63907] aggiunta file passaggi
 1 file changed, 53 insertions(+)
 create mode 100644 passaggi git.txt
 
 